// Jest Snapshot v1, https://goo.gl/fbAQLP

exports[`Home page should render correctly 1`] = `
<div>
  <div
    class="home"
  >
    <section
      class="banner"
    >
      <img
        alt="The Impact of Technology on the Workplace: How Technology is Changing"
        class="banner__img"
        src="https://images.unsplash.com/photo-1543877087-ebf71fde2be1?ixlib=rb-4.0.3&ixid=M3wxMjA3fDB8MHxzZWFyY2h8OXx8bmF0dXJhbHxlbnwwfHwwfHx8MA%3D%3D&auto=format&fit=crop&w=600&q=60"
      />
      <div
        class="banner__card"
      >
        <span
          class="badge"
          style="background-color: rgb(75, 107, 251); color: rgb(255, 255, 255);"
        >
          Technology
        </span>
        <p
          class=""
          style="font-family: work-sans; font-size: 36px; font-weight: 600; line-height: 40px; color: rgb(59, 60, 74);"
        >
          The Impact of Technology on the Workplace: How Technology is Changing
        </p>
        <div
          class="banner__card-footer"
        >
          <img
            alt="Tracey Wilson"
            class="banner__author-avatar"
            src="https://www.w3schools.com/w3images/avatar2.png"
          />
          <p
            class=""
            style="font-family: plus-jakarta-sans; font-size: 16px; font-weight: 500; line-height: 24px; color: rgb(59, 60, 74);"
          >
            Tracey Wilson
          </p>
          <p
            class=""
            style="font-family: plus-jakarta-sans; font-size: 16px; font-weight: 500; line-height: 24px; color: rgb(59, 60, 74);"
          >
            August 20, 2022
          </p>
        </div>
      </div>
    </section>
    <div
      class="advertisement"
    >
      <p
        class=""
        style="font-family: inter; font-size: 14px; font-weight: 400; line-height: 20px; color: rgb(59, 60, 74);"
      >
        Advertisement
      </p>
      <p
        class=""
        style="font-family: work-sans; font-size: 20px; font-weight: 600; line-height: 28px; color: rgb(105, 106, 117);"
      >
        You can place ads
      </p>
      <p
        class=""
        style="font-family: work-sans; font-size: 18px; font-weight: 400; line-height: 26px; color: rgb(59, 60, 74);"
      >
        750x100
      </p>
    </div>
    <section
      class="home__content"
    >
      <div
        class="post-list"
      >
        <div
          class="post-card"
        >
          <img
            alt="The Impact of Technology on the Workplace: How Technology is Changing"
            class="post-card__img"
            src="https://images.unsplash.com/photo-1543877087-ebf71fde2be1?ixlib=rb-4.0.3&ixid=M3wxMjA3fDB8MHxzZWFyY2h8OXx8bmF0dXJhbHxlbnwwfHwwfHx8MA%3D%3D&auto=format&fit=crop&w=600&q=60"
          />
          <div
            class="post-card__content"
          >
            <span
              class="badge"
              style="background-color: rgba(75, 107, 251, 0.05); color: rgb(75, 107, 251);"
            >
              Technology
            </span>
            <p
              class=""
              style="font-family: work-sans; font-size: 24px; font-weight: 600; line-height: 28px; color: rgb(59, 60, 74);"
            >
              The Impact of Technology on the Workplace: How Technology is Changing
            </p>
            <div
              class="post-card__footer"
            >
              <img
                alt="Tracey Wilson"
                class="post-card__author-avatar"
                src="https://www.w3schools.com/w3images/avatar2.png"
              />
              <p
                class=""
                style="font-family: work-sans; font-size: 18px; font-weight: 400; line-height: 26px; color: rgb(59, 60, 74);"
              >
                Tracey Wilson
              </p>
              <p
                class=""
                style="font-family: work-sans; font-size: 18px; font-weight: 400; line-height: 26px; color: rgb(59, 60, 74);"
              >
                August 20, 2022
              </p>
            </div>
          </div>
        </div>
        <div
          class="post-card"
        >
          <img
            alt="Beta Testing: The final decisive step before launching the software"
            class="post-card__img"
            src="https://images.unsplash.com/photo-1539667468225-eebb663053e6?ixlib=rb-4.0.3&ixid=M3wxMjA3fDB8MHxzZWFyY2h8MjF8fG5hdHVyYWx8ZW58MHx8MHx8fDA%3D&auto=format&fit=crop&w=600&q=60"
          />
          <div
            class="post-card__content"
          >
            <span
              class="badge"
              style="background-color: rgba(75, 107, 251, 0.05); color: rgb(75, 107, 251);"
            >
              Technology
            </span>
            <p
              class=""
              style="font-family: work-sans; font-size: 24px; font-weight: 600; line-height: 28px; color: rgb(59, 60, 74);"
            >
              Beta Testing: The final decisive step before launching the software
            </p>
            <div
              class="post-card__footer"
            >
              <img
                alt="Canh Vo"
                class="post-card__author-avatar"
                src="https://encrypted-tbn0.gstatic.com/images?q=tbn:ANd9GcSEJuOqDYeLdcJOq8OctOVOCWp-RTFkdmWK4dcI5F9YLg&s"
              />
              <p
                class=""
                style="font-family: work-sans; font-size: 18px; font-weight: 400; line-height: 26px; color: rgb(59, 60, 74);"
              >
                Canh Vo
              </p>
              <p
                class=""
                style="font-family: work-sans; font-size: 18px; font-weight: 400; line-height: 26px; color: rgb(59, 60, 74);"
              >
                August 20, 2022
              </p>
            </div>
          </div>
        </div>
        <div
          class="post-card"
        >
          <img
            alt="Make a placeholder content in SwiftUI with Redacted & Unredacted"
            class="post-card__img"
            src="https://images.unsplash.com/photo-1543877087-ebf71fde2be1?ixlib=rb-4.0.3&ixid=M3wxMjA3fDB8MHxzZWFyY2h8OXx8bmF0dXJhbHxlbnwwfHwwfHx8MA%3D%3D&auto=format&fit=crop&w=600&q=60"
          />
          <div
            class="post-card__content"
          >
            <span
              class="badge"
              style="background-color: rgba(75, 107, 251, 0.05); color: rgb(75, 107, 251);"
            >
              Technology
            </span>
            <p
              class=""
              style="font-family: work-sans; font-size: 24px; font-weight: 600; line-height: 28px; color: rgb(59, 60, 74);"
            >
              Make a placeholder content in SwiftUI with Redacted & Unredacted
            </p>
            <div
              class="post-card__footer"
            >
              <img
                alt="Tracey Wilson"
                class="post-card__author-avatar"
                src="https://encrypted-tbn0.gstatic.com/images?q=tbn:ANd9GcSHeu1JU1avFzQtN-az4HZqEpR1VvEBN-SEXfEuOtt8Xg&s"
              />
              <p
                class=""
                style="font-family: work-sans; font-size: 18px; font-weight: 400; line-height: 26px; color: rgb(59, 60, 74);"
              >
                Tracey Wilson
              </p>
              <p
                class=""
                style="font-family: work-sans; font-size: 18px; font-weight: 400; line-height: 26px; color: rgb(59, 60, 74);"
              >
                August 20, 2022
              </p>
            </div>
          </div>
        </div>
        <div
          class="post-card"
        >
          <img
            alt="Instructions for Security Testing using OWASP ZAP tool for penetration testers - Penetration testing"
            class="post-card__img"
            src="https://images.unsplash.com/photo-1543877087-ebf71fde2be1?ixlib=rb-4.0.3&ixid=M3wxMjA3fDB8MHxzZWFyY2h8OXx8bmF0dXJhbHxlbnwwfHwwfHx8MA%3D%3D&auto=format&fit=crop&w=600&q=60"
          />
          <div
            class="post-card__content"
          >
            <span
              class="badge"
              style="background-color: rgba(75, 107, 251, 0.05); color: rgb(75, 107, 251);"
            >
              Technology
            </span>
            <p
              class=""
              style="font-family: work-sans; font-size: 24px; font-weight: 600; line-height: 28px; color: rgb(59, 60, 74);"
            >
              Instructions for Security Testing using OWASP ZAP tool for penetration testers - Penetration testing
            </p>
            <div
              class="post-card__footer"
            >
              <img
                alt="Tracey Wilson"
                class="post-card__author-avatar"
                src="https://www.w3schools.com/w3images/avatar2.png"
              />
              <p
                class=""
                style="font-family: work-sans; font-size: 18px; font-weight: 400; line-height: 26px; color: rgb(59, 60, 74);"
              >
                Tracey Wilson
              </p>
              <p
                class=""
                style="font-family: work-sans; font-size: 18px; font-weight: 400; line-height: 26px; color: rgb(59, 60, 74);"
              >
                August 20, 2022
              </p>
            </div>
          </div>
        </div>
        <div
          class="post-card"
        >
          <img
            alt="Excel at Cashiering with the McDonald POS Training Simulator APK!"
            class="post-card__img"
            src="https://images.unsplash.com/photo-1543877087-ebf71fde2be1?ixlib=rb-4.0.3&ixid=M3wxMjA3fDB8MHxzZWFyY2h8OXx8bmF0dXJhbHxlbnwwfHwwfHx8MA%3D%3D&auto=format&fit=crop&w=600&q=60"
          />
          <div
            class="post-card__content"
          >
            <span
              class="badge"
              style="background-color: rgba(75, 107, 251, 0.05); color: rgb(75, 107, 251);"
            >
              Technology
            </span>
            <p
              class=""
              style="font-family: work-sans; font-size: 24px; font-weight: 600; line-height: 28px; color: rgb(59, 60, 74);"
            >
              Excel at Cashiering with the McDonald POS Training Simulator APK!
            </p>
            <div
              class="post-card__footer"
            >
              <img
                alt="Tracey Wilson"
                class="post-card__author-avatar"
                src="https://www.w3schools.com/w3images/avatar2.png"
              />
              <p
                class=""
                style="font-family: work-sans; font-size: 18px; font-weight: 400; line-height: 26px; color: rgb(59, 60, 74);"
              >
                Tracey Wilson
              </p>
              <p
                class=""
                style="font-family: work-sans; font-size: 18px; font-weight: 400; line-height: 26px; color: rgb(59, 60, 74);"
              >
                August 20, 2022
              </p>
            </div>
          </div>
        </div>
        <div
          class="post-card"
        >
          <img
            alt="The Impact of Technology on the Workplace: How Technology is Changing"
            class="post-card__img"
            src="https://images.unsplash.com/photo-1418489098061-ce87b5dc3aee?ixlib=rb-4.0.3&ixid=M3wxMjA3fDB8MHxzZWFyY2h8MTh8fG5hdHVyYWx8ZW58MHx8MHx8fDA%3D&auto=format&fit=crop&w=600&q=60"
          />
          <div
            class="post-card__content"
          >
            <span
              class="badge"
              style="background-color: rgba(75, 107, 251, 0.05); color: rgb(75, 107, 251);"
            >
              Technology
            </span>
            <p
              class=""
              style="font-family: work-sans; font-size: 24px; font-weight: 600; line-height: 28px; color: rgb(59, 60, 74);"
            >
              The Impact of Technology on the Workplace: How Technology is Changing
            </p>
            <div
              class="post-card__footer"
            >
              <img
                alt="Tracey Wilson"
                class="post-card__author-avatar"
                src="https://encrypted-tbn0.gstatic.com/images?q=tbn:ANd9GcQIgYqjNVQSYlcOONsKMfyvLJWY-MGgtqwfqMx7-2kjzg&s"
              />
              <p
                class=""
                style="font-family: work-sans; font-size: 18px; font-weight: 400; line-height: 26px; color: rgb(59, 60, 74);"
              >
                Tracey Wilson
              </p>
              <p
                class=""
                style="font-family: work-sans; font-size: 18px; font-weight: 400; line-height: 26px; color: rgb(59, 60, 74);"
              >
                August 20, 2022
              </p>
            </div>
          </div>
        </div>
        <div
          class="post-card"
        >
          <img
            alt="Excel at Cashiering with the McDonald POS Training Simulator APK!"
            class="post-card__img"
            src="https://images.unsplash.com/photo-1539667468225-eebb663053e6?ixlib=rb-4.0.3&ixid=M3wxMjA3fDB8MHxzZWFyY2h8MjF8fG5hdHVyYWx8ZW58MHx8MHx8fDA%3D&auto=format&fit=crop&w=600&q=60"
          />
          <div
            class="post-card__content"
          >
            <span
              class="badge"
              style="background-color: rgba(75, 107, 251, 0.05); color: rgb(75, 107, 251);"
            >
              Technology
            </span>
            <p
              class=""
              style="font-family: work-sans; font-size: 24px; font-weight: 600; line-height: 28px; color: rgb(59, 60, 74);"
            >
              Excel at Cashiering with the McDonald POS Training Simulator APK!
            </p>
            <div
              class="post-card__footer"
            >
              <img
                alt="Tracey Wilson"
                class="post-card__author-avatar"
                src="https://encrypted-tbn0.gstatic.com/images?q=tbn:ANd9GcRlHJmFah1lW88FU0D-fD9m-0HXQGHd5QfD8GiL4guU-g&s"
              />
              <p
                class=""
                style="font-family: work-sans; font-size: 18px; font-weight: 400; line-height: 26px; color: rgb(59, 60, 74);"
              >
                Tracey Wilson
              </p>
              <p
                class=""
                style="font-family: work-sans; font-size: 18px; font-weight: 400; line-height: 26px; color: rgb(59, 60, 74);"
              >
                August 20, 2022
              </p>
            </div>
          </div>
        </div>
        <div
          class="post-card"
        >
          <img
            alt="The Impact of Technology on the Workplace: How Technology is Changing"
            class="post-card__img"
            src="https://images.unsplash.com/photo-1418489098061-ce87b5dc3aee?ixlib=rb-4.0.3&ixid=M3wxMjA3fDB8MHxzZWFyY2h8MTh8fG5hdHVyYWx8ZW58MHx8MHx8fDA%3D&auto=format&fit=crop&w=600&q=60"
          />
          <div
            class="post-card__content"
          >
            <span
              class="badge"
              style="background-color: rgba(75, 107, 251, 0.05); color: rgb(75, 107, 251);"
            >
              Technology
            </span>
            <p
              class=""
              style="font-family: work-sans; font-size: 24px; font-weight: 600; line-height: 28px; color: rgb(59, 60, 74);"
            >
              The Impact of Technology on the Workplace: How Technology is Changing
            </p>
            <div
              class="post-card__footer"
            >
              <img
                alt="Tracey Wilson"
                class="post-card__author-avatar"
                src="https://www.w3schools.com/w3images/avatar2.png"
              />
              <p
                class=""
                style="font-family: work-sans; font-size: 18px; font-weight: 400; line-height: 26px; color: rgb(59, 60, 74);"
              >
                Tracey Wilson
              </p>
              <p
                class=""
                style="font-family: work-sans; font-size: 18px; font-weight: 400; line-height: 26px; color: rgb(59, 60, 74);"
              >
                August 20, 2022
              </p>
            </div>
          </div>
        </div>
        <div
          class="post-card"
        >
          <img
            alt="The Impact of Technology on the Workplace: How Technology is Changing"
            class="post-card__img"
            src="https://images.unsplash.com/photo-1543877087-ebf71fde2be1?ixlib=rb-4.0.3&ixid=M3wxMjA3fDB8MHxzZWFyY2h8OXx8bmF0dXJhbHxlbnwwfHwwfHx8MA%3D%3D&auto=format&fit=crop&w=600&q=60"
          />
          <div
            class="post-card__content"
          >
            <span
              class="badge"
              style="background-color: rgba(75, 107, 251, 0.05); color: rgb(75, 107, 251);"
            >
              Technology
            </span>
            <p
              class=""
              style="font-family: work-sans; font-size: 24px; font-weight: 600; line-height: 28px; color: rgb(59, 60, 74);"
            >
              The Impact of Technology on the Workplace: How Technology is Changing
            </p>
            <div
              class="post-card__footer"
            >
              <img
                alt="Tracey Wilson"
                class="post-card__author-avatar"
                src="https://www.w3schools.com/w3images/avatar2.png"
              />
              <p
                class=""
                style="font-family: work-sans; font-size: 18px; font-weight: 400; line-height: 26px; color: rgb(59, 60, 74);"
              >
                Tracey Wilson
              </p>
              <p
                class=""
                style="font-family: work-sans; font-size: 18px; font-weight: 400; line-height: 26px; color: rgb(59, 60, 74);"
              >
                August 20, 2022
              </p>
            </div>
          </div>
        </div>
        <div
          class="post-card"
        >
          <img
            alt="The Impact of Technology on the Workplace: How Technology is Changing"
            class="post-card__img"
            src="https://images.unsplash.com/photo-1543877087-ebf71fde2be1?ixlib=rb-4.0.3&ixid=M3wxMjA3fDB8MHxzZWFyY2h8OXx8bmF0dXJhbHxlbnwwfHwwfHx8MA%3D%3D&auto=format&fit=crop&w=600&q=60"
          />
          <div
            class="post-card__content"
          >
            <span
              class="badge"
              style="background-color: rgba(75, 107, 251, 0.05); color: rgb(75, 107, 251);"
            >
              Technology
            </span>
            <p
              class=""
              style="font-family: work-sans; font-size: 24px; font-weight: 600; line-height: 28px; color: rgb(59, 60, 74);"
            >
              The Impact of Technology on the Workplace: How Technology is Changing
            </p>
            <div
              class="post-card__footer"
            >
              <img
                alt="Tracey Wilson"
                class="post-card__author-avatar"
                src="https://www.w3schools.com/w3images/avatar2.png"
              />
              <p
                class=""
                style="font-family: work-sans; font-size: 18px; font-weight: 400; line-height: 26px; color: rgb(59, 60, 74);"
              >
                Tracey Wilson
              </p>
              <p
                class=""
                style="font-family: work-sans; font-size: 18px; font-weight: 400; line-height: 26px; color: rgb(59, 60, 74);"
              >
                August 20, 2022
              </p>
            </div>
          </div>
        </div>
        <div
          class="post-card"
        >
          <img
            alt="The Impact of Technology on the Workplace: How Technology is Changing"
            class="post-card__img"
            src="https://images.unsplash.com/photo-1543877087-ebf71fde2be1?ixlib=rb-4.0.3&ixid=M3wxMjA3fDB8MHxzZWFyY2h8OXx8bmF0dXJhbHxlbnwwfHwwfHx8MA%3D%3D&auto=format&fit=crop&w=600&q=60"
          />
          <div
            class="post-card__content"
          >
            <span
              class="badge"
              style="background-color: rgba(75, 107, 251, 0.05); color: rgb(75, 107, 251);"
            >
              Technology
            </span>
            <p
              class=""
              style="font-family: work-sans; font-size: 24px; font-weight: 600; line-height: 28px; color: rgb(59, 60, 74);"
            >
              The Impact of Technology on the Workplace: How Technology is Changing
            </p>
            <div
              class="post-card__footer"
            >
              <img
                alt="Tracey Wilson"
                class="post-card__author-avatar"
                src="https://www.w3schools.com/w3images/avatar2.png"
              />
              <p
                class=""
                style="font-family: work-sans; font-size: 18px; font-weight: 400; line-height: 26px; color: rgb(59, 60, 74);"
              >
                Tracey Wilson
              </p>
              <p
                class=""
                style="font-family: work-sans; font-size: 18px; font-weight: 400; line-height: 26px; color: rgb(59, 60, 74);"
              >
                August 20, 2022
              </p>
            </div>
          </div>
        </div>
        <div
          class="post-card"
        >
          <img
            alt="The Impact of Technology on the Workplace: How Technology is Changing"
            class="post-card__img"
            src="https://images.unsplash.com/photo-1543877087-ebf71fde2be1?ixlib=rb-4.0.3&ixid=M3wxMjA3fDB8MHxzZWFyY2h8OXx8bmF0dXJhbHxlbnwwfHwwfHx8MA%3D%3D&auto=format&fit=crop&w=600&q=60"
          />
          <div
            class="post-card__content"
          >
            <span
              class="badge"
              style="background-color: rgba(75, 107, 251, 0.05); color: rgb(75, 107, 251);"
            >
              Technology
            </span>
            <p
              class=""
              style="font-family: work-sans; font-size: 24px; font-weight: 600; line-height: 28px; color: rgb(59, 60, 74);"
            >
              The Impact of Technology on the Workplace: How Technology is Changing
            </p>
            <div
              class="post-card__footer"
            >
              <img
                alt="Tracey Wilson"
                class="post-card__author-avatar"
                src="https://www.w3schools.com/w3images/avatar2.png"
              />
              <p
                class=""
                style="font-family: work-sans; font-size: 18px; font-weight: 400; line-height: 26px; color: rgb(59, 60, 74);"
              >
                Tracey Wilson
              </p>
              <p
                class=""
                style="font-family: work-sans; font-size: 18px; font-weight: 400; line-height: 26px; color: rgb(59, 60, 74);"
              >
                August 20, 2022
              </p>
            </div>
          </div>
        </div>
        <div
          class="post-card"
        >
          <img
            alt="The Impact of Technology on the Workplace: How Technology is Changing"
            class="post-card__img"
            src="https://images.unsplash.com/photo-1539667468225-eebb663053e6?ixlib=rb-4.0.3&ixid=M3wxMjA3fDB8MHxzZWFyY2h8MjF8fG5hdHVyYWx8ZW58MHx8MHx8fDA%3D&auto=format&fit=crop&w=600&q=60"
          />
          <div
            class="post-card__content"
          >
            <span
              class="badge"
              style="background-color: rgba(75, 107, 251, 0.05); color: rgb(75, 107, 251);"
            >
              Technology
            </span>
            <p
              class=""
              style="font-family: work-sans; font-size: 24px; font-weight: 600; line-height: 28px; color: rgb(59, 60, 74);"
            >
              The Impact of Technology on the Workplace: How Technology is Changing
            </p>
            <div
              class="post-card__footer"
            >
              <img
                alt="Tracey Wilson"
                class="post-card__author-avatar"
                src="https://encrypted-tbn0.gstatic.com/images?q=tbn:ANd9GcSHeu1JU1avFzQtN-az4HZqEpR1VvEBN-SEXfEuOtt8Xg&s"
              />
              <p
                class=""
                style="font-family: work-sans; font-size: 18px; font-weight: 400; line-height: 26px; color: rgb(59, 60, 74);"
              >
                Tracey Wilson
              </p>
              <p
                class=""
                style="font-family: work-sans; font-size: 18px; font-weight: 400; line-height: 26px; color: rgb(59, 60, 74);"
              >
                August 20, 2022
              </p>
            </div>
          </div>
        </div>
        <div
          class="post-card"
        >
          <img
            alt="Excel at Cashiering with the McDonald POS Training Simulator APK!"
            class="post-card__img"
            src="https://images.unsplash.com/photo-1543877087-ebf71fde2be1?ixlib=rb-4.0.3&ixid=M3wxMjA3fDB8MHxzZWFyY2h8OXx8bmF0dXJhbHxlbnwwfHwwfHx8MA%3D%3D&auto=format&fit=crop&w=600&q=60"
          />
          <div
            class="post-card__content"
          >
            <span
              class="badge"
              style="background-color: rgba(75, 107, 251, 0.05); color: rgb(75, 107, 251);"
            >
              Technology
            </span>
            <p
              class=""
              style="font-family: work-sans; font-size: 24px; font-weight: 600; line-height: 28px; color: rgb(59, 60, 74);"
            >
              Excel at Cashiering with the McDonald POS Training Simulator APK!
            </p>
            <div
              class="post-card__footer"
            >
              <img
                alt="Tracey Wilson"
                class="post-card__author-avatar"
                src="https://encrypted-tbn0.gstatic.com/images?q=tbn:ANd9GcSEJuOqDYeLdcJOq8OctOVOCWp-RTFkdmWK4dcI5F9YLg&s"
              />
              <p
                class=""
                style="font-family: work-sans; font-size: 18px; font-weight: 400; line-height: 26px; color: rgb(59, 60, 74);"
              >
                Tracey Wilson
              </p>
              <p
                class=""
                style="font-family: work-sans; font-size: 18px; font-weight: 400; line-height: 26px; color: rgb(59, 60, 74);"
              >
                August 20, 2022
              </p>
            </div>
          </div>
        </div>
      </div>
      <button
        class="btn "
        style="border: 1px solid; color: rgb(105, 106, 117); border-color: rgba(105, 106, 117, 0.30); background-color: rgb(255, 255, 255);"
      >
        View all post
      </button>
    </section>
    <div
      class="advertisement"
    >
      <p
        class=""
        style="font-family: inter; font-size: 14px; font-weight: 400; line-height: 20px; color: rgb(59, 60, 74);"
      >
        Advertisement
      </p>
      <p
        class=""
        style="font-family: work-sans; font-size: 20px; font-weight: 600; line-height: 28px; color: rgb(105, 106, 117);"
      >
        You can place ads
      </p>
      <p
        class=""
        style="font-family: work-sans; font-size: 18px; font-weight: 400; line-height: 26px; color: rgb(59, 60, 74);"
      >
        750x100
      </p>
    </div>
  </div>
</div>
`;
