// Jest Snapshot v1, https://goo.gl/fbAQLP

exports[`LoadingIndicator Component should render correctly 1`] = `
<div>
  <form
    class="login-form"
  >
    <h1
      class=""
      style="font-family: work-sans; font-size: 20px; font-weight: 600; line-height: 28px; color: rgb(59, 60, 74);"
    >
      LOGIN
    </h1>
    <div
      class="text-field "
      style="border: 1px solid; color: rgb(105, 106, 117); border-color: rgba(105, 106, 117, 0.30); background-color: rgb(255, 255, 255);"
    >
      <input
        id="email"
        name="email"
        placeholder="Email"
        type="text"
        value=""
      />
      <svg
        fill="none"
        height="20"
        width="20"
        xmlns="http://www.w3.org/2000/svg"
      >
        <path
          clip-rule="evenodd"
          d="M3.438 4.375a.937.937 0 0 0-.938.938v9.375c0 .517.42.937.938.937h13.124c.518 0 .938-.42.938-.938V5.313a.937.937 0 0 0-.938-.938H3.438Zm-2.188.938c0-1.209.98-2.188 2.188-2.188h13.124c1.209 0 2.188.98 2.188 2.188v9.375c0 1.208-.98 2.187-2.188 2.187H3.438a2.188 2.188 0 0 1-2.187-2.188V5.313Z"
          fill="#696A75"
          fill-rule="evenodd"
        />
        <path
          clip-rule="evenodd"
          d="M3.882 5.866a.625.625 0 0 1 .877-.11L10 9.834l5.241-4.076a.625.625 0 1 1 .768.986l-5.625 4.375a.625.625 0 0 1-.768 0L3.991 6.743a.625.625 0 0 1-.11-.877Z"
          fill="#696A75"
          fill-rule="evenodd"
        />
      </svg>
    </div>
    <div
      class="text-field "
      style="border: 1px solid; color: rgb(105, 106, 117); border-color: rgba(105, 106, 117, 0.30); background-color: rgb(255, 255, 255);"
    >
      <input
        id="password"
        name="password"
        placeholder="Password"
        type="password"
        value=""
      />
      <svg
        class="ionicon"
        height="20px"
        viewBox="0 0 512 512"
        width="20px"
        xmlns="http://www.w3.org/2000/svg"
      >
        <path
          d="M336 208v-95a80 80 0 0 0-160 0v95"
          fill="none"
          stroke="currentColor"
          stroke-linecap="round"
          stroke-linejoin="round"
          stroke-width="32"
        />
        <rect
          fill="none"
          height="272"
          rx="48"
          ry="48"
          stroke="currentColor"
          stroke-linecap="round"
          stroke-linejoin="round"
          stroke-width="32"
          width="320"
          x="96"
          y="208"
        />
      </svg>
    </div>
    <button
      class="btn "
      style="background-color: rgb(75, 107, 251); color: rgb(255, 255, 255);"
      type="submit"
    >
      Login
    </button>
  </form>
</div>
`;
